#-----------------------------------------------------------
# Vivado v2025.1 (64-bit)
# SW Build 6140274 on Thu May 22 00:12:29 MDT 2025
# IP Build 6138677 on Thu May 22 03:10:11 MDT 2025
# SharedData Build 6139179 on Tue May 20 17:58:58 MDT 2025
# Start of session at: Mon Sep 29 21:56:09 2025
# Process ID         : 29984
# Current directory  : C:/Users/ADMIN1/Vivado_projects/project_1/project_1.runs/synth_1
# Command line       : vivado.exe -log ALU.vds -product Vivado -mode batch -messageDb vivado.pb -notrace -source ALU.tcl
# Log file           : C:/Users/ADMIN1/Vivado_projects/project_1/project_1.runs/synth_1/ALU.vds
# Journal file       : C:/Users/ADMIN1/Vivado_projects/project_1/project_1.runs/synth_1\vivado.jou
# Running On         : ADMIN
# Platform           : Windows Server 2016 or Windows 10
# Operating System   : 26100
# Processor Detail   : AMD Ryzen 7 4800H with Radeon Graphics         
# CPU Frequency      : 2895 MHz
# CPU Physical cores : 8
# CPU Logical cores  : 16
# Host memory        : 16505 MB
# Swap memory        : 5918 MB
# Total Virtual      : 22424 MB
# Available Virtual  : 1842 MB
#-----------------------------------------------------------
source ALU.tcl -notrace
