#-----------------------------------------------------------
# Vivado v2025.1 (64-bit)
# SW Build 6140274 on Thu May 22 00:12:29 MDT 2025
# IP Build 6138677 on Thu May 22 03:10:11 MDT 2025
# SharedData Build 6139179 on Tue May 20 17:58:58 MDT 2025
# Start of session at: Tue Oct 28 20:46:26 2025
# Process ID         : 27520
# Current directory  : C:/Users/matan/OneDrive/Desktop/simple_riscV
# Command line       : vivado.exe -gui_launcher_event rodinguilauncherevent2116 C:\Users\matan\OneDrive\Desktop\simple_riscV\simple_riscV.xpr
# Log file           : C:/Users/matan/OneDrive/Desktop/simple_riscV/vivado.log
# Journal file       : C:/Users/matan/OneDrive/Desktop/simple_riscV\vivado.jou
# Running On         : Matan_Computer
# Platform           : Windows Server 2016 or Windows 10
# Operating System   : 26100
# Processor Detail   : Intel(R) Core(TM) Ultra 9 285H
# CPU Frequency      : 3686 MHz
# CPU Physical cores : 16
# CPU Logical cores  : 16
# Host memory        : 33685 MB
# Swap memory        : 2550 MB
# Total Virtual      : 36235 MB
# Available Virtual  : 22664 MB
#-----------------------------------------------------------sstart_guiopen_project C:/Users/matan/OneDrive/Desktop/simple_riscV/simple_riscV.xpr
update_compile_order -fileset sources_1

launch_simulation
launch_simulation
open_wave_config C:/Users/matan/OneDrive/Desktop/simple_riscV/tb_control_unit_behav1.wcfg
source tb_control_unit.tcl
file mkdir C:/Users/matan/OneDrive/Desktop/simple_riscV/simple_riscV.srcs/sim_1/new
set_property SOURCE_SET sources_1 [get_filesets sim_1]
close [ open C:/Users/matan/OneDrive/Desktop/simple_riscV/simple_riscV.srcs/sim_1/new/tb_SRC.sv w ]
add_files -fileset sim_1 C:/Users/matan/OneDrive/Desktop/simple_riscV/simple_riscV.srcs/sim_1/new/tb_SRC.sv
update_compile_order -fileset sim_1
close_sim
# Disabling source management mode.  This is to allow the top design properties to be set without GUI intervention.
set_property source_mgmt_mode None [current_project]
set_property top SRC_top [get_filesets sim_1]
set_property top_lib xil_defaultlib [get_filesets sim_1]
# Re-enabling previously disabled source management mode.
set_property source_mgmt_mode All [current_project]
update_compile_order -fileset sim_1
# Disabling source management mode.  This is to allow the top design properties to be set without GUI intervention.
set_property source_mgmt_mode None [current_project]
set_property top tb_SRC [get_filesets sim_1]
set_property top_lib xil_defaultlib [get_filesets sim_1]
# Re-enabling previously disabled source management mode.
set_property source_mgmt_mode All [current_project]
update_compile_order -fileset sim_1
launch_simulation
launch_simulation
launch_simulation
launch_simulation
launch_simulation
launch_simulation
launch_simulation
open_wave_config C:/Users/matan/OneDrive/Desktop/simple_riscV/tb_control_unit_behav1.wcfg
source tb_SRC.tcl
run all
save_wave_config {C:/Users/matan/OneDrive/Desktop/simple_riscV/tb_control_unit_behav1.wcfg}
close_sim
launch_simulation
open_wave_config C:/Users/matan/OneDrive/Desktop/simple_riscV/tb_control_unit_behav1.wcfg
source tb_SRC.tcl
close_sim
launch_simulation
open_wave_config C:/Users/matan/OneDrive/Desktop/simple_riscV/tb_control_unit_behav1.wcfg
source tb_SRC.tcl
save_wave_config {C:/Users/matan/OneDrive/Desktop/simple_riscV/tb_control_unit_behav1.wcfg}
close_sim
launch_simulation
open_wave_config C:/Users/matan/OneDrive/Desktop/simple_riscV/tb_control_unit_behav1.wcfg
source tb_SRC.tcl
save_wave_config {C:/Users/matan/OneDrive/Desktop/simple_riscV/tb_control_unit_behav1.wcfg}
close_sim
launch_simulation
open_wave_config C:/Users/matan/OneDrive/Desktop/simple_riscV/tb_control_unit_behav1.wcfg
source tb_SRC.tcl
save_wave_config {C:/Users/matan/OneDrive/Desktop/simple_riscV/tb_control_unit_behav1.wcfg}
close_sim
launch_simulation
open_wave_config C:/Users/matan/OneDrive/Desktop/simple_riscV/tb_control_unit_behav1.wcfg
source tb_SRC.tcl
save_wave_config {C:/Users/matan/OneDrive/Desktop/simple_riscV/tb_control_unit_behav1.wcfg}
close_sim
launch_simulation
open_wave_config C:/Users/matan/OneDrive/Desktop/simple_riscV/tb_control_unit_behav1.wcfg
source tb_SRC.tcl
close_sim
launch_simulation
open_wave_config C:/Users/matan/OneDrive/Desktop/simple_riscV/tb_control_unit_behav1.wcfg
source tb_SRC.tcl
close_sim
launch_simulation
open_wave_config C:/Users/matan/OneDrive/Desktop/simple_riscV/tb_control_unit_behav1.wcfg
source tb_SRC.tcl
save_wave_config {C:/Users/matan/OneDrive/Desktop/simple_riscV/tb_control_unit_behav1.wcfg}
close_sim
launch_simulation
open_wave_config C:/Users/matan/OneDrive/Desktop/simple_riscV/tb_control_unit_behav1.wcfg
source tb_SRC.tcl
save_wave_config {C:/Users/matan/OneDrive/Desktop/simple_riscV/tb_control_unit_behav1.wcfg}
close_sim
launch_simulation
open_wave_config C:/Users/matan/OneDrive/Desktop/simple_riscV/tb_control_unit_behav1.wcfg
source tb_SRC.tcl
close_sim
launch_simulation
open_wave_config C:/Users/matan/OneDrive/Desktop/simple_riscV/tb_control_unit_behav1.wcfg
source tb_SRC.tcl
save_wave_config {C:/Users/matan/OneDrive/Desktop/simple_riscV/tb_control_unit_behav1.wcfg}
close_sim
launch_simulation
open_wave_config C:/Users/matan/OneDrive/Desktop/simple_riscV/tb_control_unit_behav1.wcfg
source tb_SRC.tcl
close_sim
